\BOOKMARK [2][]{Outline0.1}{\376\377\000R\000S\0005\0007\000:\000\040\000I\000n\000v\000a\000r\000i\000a\000n\000t\000\040\000M\000a\000s\000s\000\040\000P\000l\000o\000t\000s}{}% 1
\BOOKMARK [2][]{Outline0.2}{\376\377\000R\000S\0005\0007\000:\000\040\000x\000F\000\040\000P\000l\000o\000t\000s}{}% 2
\BOOKMARK [2][]{Outline0.3}{\376\377\000R\000S\0005\0007\000:\000\040\000p\000T\000\040\000P\000l\000o\000t\000s}{}% 3
\BOOKMARK [2][]{Outline0.4}{\376\377\000R\000S\0005\0007\000:\000\040\000M\000a\000s\000s\000\040\000S\000l\000i\000c\000e\000d\000\040\000b\000y\000\040\000x\000F\000\040\000O\000v\000e\000r\000l\000a\000y\000s}{}% 4
\BOOKMARK [2][]{Outline0.5}{\376\377\000R\000S\0005\0009\000:\000\040\000I\000n\000v\000a\000r\000i\000a\000n\000t\000\040\000M\000a\000s\000s\000\040\000P\000l\000o\000t\000s}{}% 5
\BOOKMARK [2][]{Outline0.6}{\376\377\000R\000S\0005\0009\000:\000\040\000x\000F\000\040\000P\000l\000o\000t\000s}{}% 6
\BOOKMARK [2][]{Outline0.7}{\376\377\000R\000S\0005\0009\000:\000\040\000p\000T\000\040\000P\000l\000o\000t\000s}{}% 7
\BOOKMARK [2][]{Outline0.8}{\376\377\000R\000S\0005\0009\000:\000\040\000M\000a\000s\000s\000\040\000S\000l\000i\000c\000e\000d\000\040\000b\000y\000\040\000x\000F\000\040\000O\000v\000e\000r\000l\000a\000y\000s}{}% 8
\BOOKMARK [2][]{Outline0.9}{\376\377\000R\000S\0006\0002\000:\000\040\000I\000n\000v\000a\000r\000i\000a\000n\000t\000\040\000M\000a\000s\000s\000\040\000P\000l\000o\000t\000s}{}% 9
\BOOKMARK [2][]{Outline0.10}{\376\377\000R\000S\0006\0002\000:\000\040\000x\000F\000\040\000P\000l\000o\000t\000s}{}% 10
\BOOKMARK [2][]{Outline0.11}{\376\377\000R\000S\0006\0002\000:\000\040\000p\000T\000\040\000P\000l\000o\000t\000s}{}% 11
\BOOKMARK [2][]{Outline0.12}{\376\377\000R\000S\0006\0002\000:\000\040\000M\000a\000s\000s\000\040\000S\000l\000i\000c\000e\000d\000\040\000b\000y\000\040\000x\000F\000\040\000O\000v\000e\000r\000l\000a\000y\000s}{}% 12
\BOOKMARK [2][]{Outline0.13}{\376\377\000R\000S\0006\0007\000:\000\040\000I\000n\000v\000a\000r\000i\000a\000n\000t\000\040\000M\000a\000s\000s\000\040\000P\000l\000o\000t\000s}{}% 13
\BOOKMARK [2][]{Outline0.14}{\376\377\000R\000S\0006\0007\000:\000\040\000x\000F\000\040\000P\000l\000o\000t\000s}{}% 14
\BOOKMARK [2][]{Outline0.15}{\376\377\000R\000S\0006\0007\000:\000\040\000p\000T\000\040\000P\000l\000o\000t\000s}{}% 15
\BOOKMARK [2][]{Outline0.16}{\376\377\000R\000S\0006\0007\000:\000\040\000M\000a\000s\000s\000\040\000S\000l\000i\000c\000e\000d\000\040\000b\000y\000\040\000x\000F\000\040\000O\000v\000e\000r\000l\000a\000y\000s}{}% 16
\BOOKMARK [2][]{Outline0.17}{\376\377\000R\000S\0007\0000\000:\000\040\000I\000n\000v\000a\000r\000i\000a\000n\000t\000\040\000M\000a\000s\000s\000\040\000P\000l\000o\000t\000s}{}% 17
\BOOKMARK [2][]{Outline0.18}{\376\377\000R\000S\0007\0000\000:\000\040\000x\000F\000\040\000P\000l\000o\000t\000s}{}% 18
\BOOKMARK [2][]{Outline0.19}{\376\377\000R\000S\0007\0000\000:\000\040\000p\000T\000\040\000P\000l\000o\000t\000s}{}% 19
\BOOKMARK [2][]{Outline0.20}{\376\377\000R\000S\0007\0000\000:\000\040\000M\000a\000s\000s\000\040\000S\000l\000i\000c\000e\000d\000\040\000b\000y\000\040\000x\000F\000\040\000O\000v\000e\000r\000l\000a\000y\000s}{}% 20
\BOOKMARK [2][]{Outline0.21}{\376\377\000C\000o\000n\000c\000l\000u\000s\000i\000o\000n\000s}{}% 21
